		ИСТОРИЯ DECOBJ

 V01.00   28-APR-86	   ПЕРВЫЙ ВАРИАНТ

 V02.00    7-APR-86	   ОПРЕДЕЛЕНИЕ АБСОЛЮТНЫХ СИМВОЛОВ В GSD
			   РАСПЕЧАТКА ГЛОБАЛЬНЫХ ССЫЛОК
			   КОММЕНТАРИЙ LC
			   ДЕКОДИРОВАНИЕ ИНСТР. ДЛЯ ЗАДАННОГО ПРОЦЕССОРА

 V03.01   10-APR-86	   ДИНАМИЧЕСКОЕ РАСПРЕДЕЛЕНИЕ ПАМЯТИ ПОД
			    ТАБЛИЦЫ МЕТОК И СИМВОЛОВ

 V03.02   16-APR-86	   ДИНАМИЧЕСКОЕ ПЕРЕКЛЮЧЕНИЕ D/I ПРИ ДЕКОД.!
			   ДЕКОДИРОВАНИЕ JSR PC,XXX КАК CALL XXX (/L)
					 RTS PC     KAK RETURN

 V04.02   20-MAY-86	   ПОЛНАЯ ПЕРЕРАБОТКА ТРЕТЬЕГО ПРОХОДА
			   (ОПЕРЕДЕЛЕНИЕ МЕТОК ВИДА XXX=.+N)
			   ДОБАВЛЕНИЕ МНОГИХ НОВЫХ ВОЗМОЖНОСТЕЙ

 V04.03   25-JUL-86	   ПОЛНОЕ КОММЕНТИРОВАНИЕ ДЕКОДИРУЕМОГО ТЕКСТА НА
			   ТРЕТЬЕМ ПРОХОДЕ

 V05.00   8-AUG-86	   ДИНАМИЧЕСКОЕ ПЕРЕКЛЮЧЕНИЕ В ХОДЕ ДЕКОДИРОВАНИЯ
			   НА .WORD,.BYTE,.ASCII !!!,.RAD50

 V06.00 		   ПЕРЕРАБОТКА ДЕКОДЕРА ИНСТРУКЦИЙ, ДОБАВЛЕНЫ НОВЫЕ
			   ИНСТРУКЦИИ (CIS, MICRO)

 V07.02 		   АВТОМАТИЧЕСКОЕ СОСТАВЛЕНИЕ ФАЙЛА КОРРЕКЦИЙ В
			   ДИАЛОГЕ НА ТРЕТЬЕМ ПРОХОДЕ

 V07.03 		   ДОБАВЛЕНО МНОГО НОВЫХ КОМАНД В СВЯЗИ С ДИАЛОГОМ

 V08.00   22-APR-87	   ИЗМЕНЕНИЕ ИДЕОЛОГИИ КОМАНД КОРРЕКЦИИ, ФАЙЛ ДЛЯ
			   КОРРЕКЦИЙ ФОРМИРУЕТСЯ ТОЛЬКО В ХОДЕ ДИАЛОГА

 V08.02   25-MAY-87	   ВЫНЕСЕНИЕ КОМАНД ДИАЛОГА В ОТДЕЛЬНЫЙ ФАЙЛ .DIA
			   ДОБАВЛЕНИЕ НОВЫХ КОМАНД.
			   СВОБОДНОЕ ПЕРЕМЕЩЕНИЕ ПО ФАЙЛУ.
			   ПОДСИСТЕМА СИМВОЛИЧЕСКИХ МЕТОК.(LABSPC)
